dev/rafaelfreitas/model/BillPresentationMediaRef.class
dev/rafaelfreitas/configuration/CustomInstantDeserializer$7.class
dev/rafaelfreitas/api/ApiOriginFilter.class
dev/rafaelfreitas/model/FinancialAccountCreate.class
dev/rafaelfreitas/model/BillingCycleSpecificationUpdate.class
dev/rafaelfreitas/configuration/CustomInstantDeserializer$4.class
dev/rafaelfreitas/model/EventSubscriptionInput.class
dev/rafaelfreitas/configuration/JacksonConfiguration.class
dev/rafaelfreitas/model/FinancialAccountStateChangeEvent.class
dev/rafaelfreitas/model/Money.class
dev/rafaelfreitas/model/AccountRelationship.class
dev/rafaelfreitas/api/BillingCycleSpecificationApi.class
dev/rafaelfreitas/model/BillingAccount.class
dev/rafaelfreitas/model/PartyAccountUpdate.class
dev/rafaelfreitas/api/BillFormatApiController.class
dev/rafaelfreitas/model/FinancialAccountAttributeValueChangeEvent.class
dev/rafaelfreitas/configuration/CustomInstantDeserializer$FromIntegerArguments.class
dev/rafaelfreitas/model/FinancialAccountCreateEvent.class
dev/rafaelfreitas/model/SettlementAccount.class
dev/rafaelfreitas/model/Error.class
dev/rafaelfreitas/model/BillFormatRef.class
dev/rafaelfreitas/api/ListenerApiController.class
dev/rafaelfreitas/api/BillingAccountApi.class
dev/rafaelfreitas/model/BillingCycleSpecification.class
dev/rafaelfreitas/model/TimePeriod.class
dev/rafaelfreitas/TmfApiExample$ExitException.class
dev/rafaelfreitas/model/BillFormat.class
dev/rafaelfreitas/model/BillingAccountUpdate.class
dev/rafaelfreitas/configuration/CustomInstantDeserializer$2.class
dev/rafaelfreitas/RFC3339DateFormat.class
dev/rafaelfreitas/model/SettlementAccountStateChangeEventPayload.class
dev/rafaelfreitas/api/SettlementAccountApiController.class
dev/rafaelfreitas/api/BillPresentationMediaApi.class
dev/rafaelfreitas/api/ApiResponseMessage.class
dev/rafaelfreitas/model/BillingAccountAttributeValueChangeEventPayload.class
dev/rafaelfreitas/model/FinancialAccountRef.class
dev/rafaelfreitas/configuration/CustomInstantDeserializer$12.class
dev/rafaelfreitas/model/FinancialAccountCreateEventPayload.class
dev/rafaelfreitas/model/BillingCycleSpecificationCreate.class
dev/rafaelfreitas/configuration/CustomInstantDeserializer$6.class
dev/rafaelfreitas/api/ListenerApi.class
dev/rafaelfreitas/model/ContactMedium.class
dev/rafaelfreitas/model/BillingAccountStateChangeEventPayload.class
dev/rafaelfreitas/model/MediumCharacteristic.class
dev/rafaelfreitas/model/FinancialAccountUpdate.class
dev/rafaelfreitas/api/BillPresentationMediaApiController.class
dev/rafaelfreitas/configuration/CustomInstantDeserializer$1.class
dev/rafaelfreitas/model/SettlementAccountCreate.class
dev/rafaelfreitas/model/BillFormatCreate.class
dev/rafaelfreitas/model/BillPresentationMediaUpdate.class
dev/rafaelfreitas/configuration/HomeController.class
dev/rafaelfreitas/model/SettlementAccountStateChangeEvent.class
dev/rafaelfreitas/model/BillStructure.class
dev/rafaelfreitas/configuration/CustomInstantDeserializer$11.class
dev/rafaelfreitas/model/SettlementAccountAttributeValueChangeEvent.class
dev/rafaelfreitas/api/NotFoundException.class
dev/rafaelfreitas/api/SettlementAccountApi.class
dev/rafaelfreitas/configuration/LocalDateConverter.class
dev/rafaelfreitas/model/BillingAccountCreate.class
dev/rafaelfreitas/configuration/CustomInstantDeserializer$10.class
dev/rafaelfreitas/model/PartyAccountCreate.class
dev/rafaelfreitas/TmfApiExample$MyConfig.class
dev/rafaelfreitas/model/FinancialAccountDeleteEventPayload.class
dev/rafaelfreitas/model/FinancialAccountStateChangeEventPayload.class
dev/rafaelfreitas/configuration/CustomInstantDeserializer$3.class
dev/rafaelfreitas/model/AccountBalance.class
dev/rafaelfreitas/model/FinancialAccountAttributeValueChangeEventPayload.class
dev/rafaelfreitas/api/HubApi.class
dev/rafaelfreitas/model/SettlementAccountUpdate.class
dev/rafaelfreitas/model/Account.class
dev/rafaelfreitas/model/PartyAccountAttributeValueChangeEvent.class
dev/rafaelfreitas/configuration/CustomInstantDeserializer$8.class
dev/rafaelfreitas/api/FinancialAccountApi.class
dev/rafaelfreitas/configuration/SwaggerDocumentationConfig.class
dev/rafaelfreitas/model/PartyAccountStateChangeEvent.class
dev/rafaelfreitas/api/BillingCycleSpecificationApiController.class
dev/rafaelfreitas/TmfApiExample.class
dev/rafaelfreitas/model/EntityRef.class
dev/rafaelfreitas/configuration/CustomInstantDeserializer$5.class
dev/rafaelfreitas/model/EventSubscription.class
dev/rafaelfreitas/configuration/CustomInstantDeserializer.class
dev/rafaelfreitas/model/Contact.class
dev/rafaelfreitas/model/PaymentMethodRef.class
dev/rafaelfreitas/model/SettlementAccountAttributeValueChangeEventPayload.class
dev/rafaelfreitas/configuration/CustomInstantDeserializer$9.class
dev/rafaelfreitas/model/BillFormatUpdate.class
dev/rafaelfreitas/api/HubApiController.class
dev/rafaelfreitas/model/BillFormatRefOrValue.class
dev/rafaelfreitas/api/BillFormatApi.class
dev/rafaelfreitas/api/FinancialAccountApiController.class
dev/rafaelfreitas/model/PartyAccountStateChangeEventPayload.class
dev/rafaelfreitas/model/BillPresentationMediaRefOrValue.class
dev/rafaelfreitas/api/BillingAccountApiController.class
dev/rafaelfreitas/model/FinancialAccountDeleteEvent.class
dev/rafaelfreitas/model/PartyAccount.class
dev/rafaelfreitas/model/BillingCycleSpecificationRefOrValue.class
dev/rafaelfreitas/model/AccountTaxExemption.class
dev/rafaelfreitas/model/AccountRef.class
dev/rafaelfreitas/model/BillPresentationMediaCreate.class
dev/rafaelfreitas/api/PartyAccountApi.class
dev/rafaelfreitas/api/ApiException.class
dev/rafaelfreitas/configuration/CustomInstantDeserializer$FromDecimalArguments.class
dev/rafaelfreitas/model/BillingAccountAttributeValueChangeEvent.class
dev/rafaelfreitas/configuration/LocalDateTimeConverter.class
dev/rafaelfreitas/model/PaymentPlan.class
dev/rafaelfreitas/model/RelatedParty.class
dev/rafaelfreitas/model/FinancialAccount.class
dev/rafaelfreitas/api/PartyAccountApiController.class
dev/rafaelfreitas/model/BillPresentationMedia.class
dev/rafaelfreitas/model/PartyAccountAttributeValueChangeEventPayload.class
dev/rafaelfreitas/model/BillingAccountStateChangeEvent.class
dev/rafaelfreitas/model/BillingCycleSpecificationRef.class
