/Users/rafaelfreitas/Sites/Poc-Kafka/tmf-api-example/src/main/java/dev/rafaelfreitas/model/FinancialAccountUpdate.java
/Users/rafaelfreitas/Sites/Poc-Kafka/tmf-api-example/src/main/java/dev/rafaelfreitas/model/BillPresentationMediaUpdate.java
/Users/rafaelfreitas/Sites/Poc-Kafka/tmf-api-example/src/main/java/dev/rafaelfreitas/model/Account.java
/Users/rafaelfreitas/Sites/Poc-Kafka/tmf-api-example/src/main/java/dev/rafaelfreitas/api/PartyAccountApiController.java
/Users/rafaelfreitas/Sites/Poc-Kafka/tmf-api-example/src/main/java/dev/rafaelfreitas/api/ListenerApiController.java
/Users/rafaelfreitas/Sites/Poc-Kafka/tmf-api-example/src/main/java/dev/rafaelfreitas/model/BillingCycleSpecificationRefOrValue.java
/Users/rafaelfreitas/Sites/Poc-Kafka/tmf-api-example/src/main/java/dev/rafaelfreitas/model/Error.java
/Users/rafaelfreitas/Sites/Poc-Kafka/tmf-api-example/src/main/java/dev/rafaelfreitas/api/ListenerApi.java
/Users/rafaelfreitas/Sites/Poc-Kafka/tmf-api-example/src/main/java/dev/rafaelfreitas/model/SettlementAccount.java
/Users/rafaelfreitas/Sites/Poc-Kafka/tmf-api-example/src/main/java/dev/rafaelfreitas/configuration/LocalDateTimeConverter.java
/Users/rafaelfreitas/Sites/Poc-Kafka/tmf-api-example/src/main/java/dev/rafaelfreitas/model/BillFormatRef.java
/Users/rafaelfreitas/Sites/Poc-Kafka/tmf-api-example/src/main/java/dev/rafaelfreitas/model/FinancialAccount.java
/Users/rafaelfreitas/Sites/Poc-Kafka/tmf-api-example/src/main/java/dev/rafaelfreitas/model/BillFormatRefOrValue.java
/Users/rafaelfreitas/Sites/Poc-Kafka/tmf-api-example/src/main/java/dev/rafaelfreitas/model/BillingAccountStateChangeEvent.java
/Users/rafaelfreitas/Sites/Poc-Kafka/tmf-api-example/src/main/java/dev/rafaelfreitas/api/BillFormatApi.java
/Users/rafaelfreitas/Sites/Poc-Kafka/tmf-api-example/src/main/java/dev/rafaelfreitas/RFC3339DateFormat.java
/Users/rafaelfreitas/Sites/Poc-Kafka/tmf-api-example/src/main/java/dev/rafaelfreitas/model/PartyAccountStateChangeEventPayload.java
/Users/rafaelfreitas/Sites/Poc-Kafka/tmf-api-example/src/main/java/dev/rafaelfreitas/model/FinancialAccountCreateEventPayload.java
/Users/rafaelfreitas/Sites/Poc-Kafka/tmf-api-example/src/main/java/dev/rafaelfreitas/model/FinancialAccountAttributeValueChangeEvent.java
/Users/rafaelfreitas/Sites/Poc-Kafka/tmf-api-example/src/main/java/dev/rafaelfreitas/model/ContactMedium.java
/Users/rafaelfreitas/Sites/Poc-Kafka/tmf-api-example/src/main/java/dev/rafaelfreitas/api/ApiResponseMessage.java
/Users/rafaelfreitas/Sites/Poc-Kafka/tmf-api-example/src/main/java/dev/rafaelfreitas/model/BillingCycleSpecificationCreate.java
/Users/rafaelfreitas/Sites/Poc-Kafka/tmf-api-example/src/main/java/dev/rafaelfreitas/api/BillingAccountApiController.java
/Users/rafaelfreitas/Sites/Poc-Kafka/tmf-api-example/src/main/java/dev/rafaelfreitas/api/PartyAccountApi.java
/Users/rafaelfreitas/Sites/Poc-Kafka/tmf-api-example/src/main/java/dev/rafaelfreitas/model/SettlementAccountStateChangeEventPayload.java
/Users/rafaelfreitas/Sites/Poc-Kafka/tmf-api-example/src/main/java/dev/rafaelfreitas/model/FinancialAccountDeleteEventPayload.java
/Users/rafaelfreitas/Sites/Poc-Kafka/tmf-api-example/src/main/java/dev/rafaelfreitas/model/PartyAccountUpdate.java
/Users/rafaelfreitas/Sites/Poc-Kafka/tmf-api-example/src/main/java/dev/rafaelfreitas/api/BillingCycleSpecificationApiController.java
/Users/rafaelfreitas/Sites/Poc-Kafka/tmf-api-example/src/main/java/dev/rafaelfreitas/model/BillPresentationMedia.java
/Users/rafaelfreitas/Sites/Poc-Kafka/tmf-api-example/src/main/java/dev/rafaelfreitas/model/EntityRef.java
/Users/rafaelfreitas/Sites/Poc-Kafka/tmf-api-example/src/main/java/dev/rafaelfreitas/api/BillingAccountApi.java
/Users/rafaelfreitas/Sites/Poc-Kafka/tmf-api-example/src/main/java/dev/rafaelfreitas/model/BillFormat.java
/Users/rafaelfreitas/Sites/Poc-Kafka/tmf-api-example/src/main/java/dev/rafaelfreitas/model/BillPresentationMediaRef.java
/Users/rafaelfreitas/Sites/Poc-Kafka/tmf-api-example/src/main/java/dev/rafaelfreitas/model/BillingCycleSpecification.java
/Users/rafaelfreitas/Sites/Poc-Kafka/tmf-api-example/src/main/java/dev/rafaelfreitas/model/PartyAccount.java
/Users/rafaelfreitas/Sites/Poc-Kafka/tmf-api-example/src/main/java/dev/rafaelfreitas/api/HubApiController.java
/Users/rafaelfreitas/Sites/Poc-Kafka/tmf-api-example/src/main/java/dev/rafaelfreitas/api/BillFormatApiController.java
/Users/rafaelfreitas/Sites/Poc-Kafka/tmf-api-example/src/main/java/dev/rafaelfreitas/model/BillPresentationMediaCreate.java
/Users/rafaelfreitas/Sites/Poc-Kafka/tmf-api-example/src/main/java/dev/rafaelfreitas/api/ApiOriginFilter.java
/Users/rafaelfreitas/Sites/Poc-Kafka/tmf-api-example/src/main/java/dev/rafaelfreitas/model/BillingAccount.java
/Users/rafaelfreitas/Sites/Poc-Kafka/tmf-api-example/src/main/java/dev/rafaelfreitas/model/FinancialAccountStateChangeEvent.java
/Users/rafaelfreitas/Sites/Poc-Kafka/tmf-api-example/src/main/java/dev/rafaelfreitas/model/AccountTaxExemption.java
/Users/rafaelfreitas/Sites/Poc-Kafka/tmf-api-example/src/main/java/dev/rafaelfreitas/model/FinancialAccountStateChangeEventPayload.java
/Users/rafaelfreitas/Sites/Poc-Kafka/tmf-api-example/src/main/java/dev/rafaelfreitas/model/Contact.java
/Users/rafaelfreitas/Sites/Poc-Kafka/tmf-api-example/src/main/java/dev/rafaelfreitas/model/AccountRef.java
/Users/rafaelfreitas/Sites/Poc-Kafka/tmf-api-example/src/main/java/dev/rafaelfreitas/configuration/LocalDateConverter.java
/Users/rafaelfreitas/Sites/Poc-Kafka/tmf-api-example/src/main/java/dev/rafaelfreitas/model/BillStructure.java
/Users/rafaelfreitas/Sites/Poc-Kafka/tmf-api-example/src/main/java/dev/rafaelfreitas/model/AccountBalance.java
/Users/rafaelfreitas/Sites/Poc-Kafka/tmf-api-example/src/main/java/dev/rafaelfreitas/model/MediumCharacteristic.java
/Users/rafaelfreitas/Sites/Poc-Kafka/tmf-api-example/src/main/java/dev/rafaelfreitas/model/FinancialAccountCreate.java
/Users/rafaelfreitas/Sites/Poc-Kafka/tmf-api-example/src/main/java/dev/rafaelfreitas/model/EventSubscriptionInput.java
/Users/rafaelfreitas/Sites/Poc-Kafka/tmf-api-example/src/main/java/dev/rafaelfreitas/model/TimePeriod.java
/Users/rafaelfreitas/Sites/Poc-Kafka/tmf-api-example/src/main/java/dev/rafaelfreitas/api/NotFoundException.java
/Users/rafaelfreitas/Sites/Poc-Kafka/tmf-api-example/src/main/java/dev/rafaelfreitas/configuration/CustomInstantDeserializer.java
/Users/rafaelfreitas/Sites/Poc-Kafka/tmf-api-example/src/main/java/dev/rafaelfreitas/model/SettlementAccountStateChangeEvent.java
/Users/rafaelfreitas/Sites/Poc-Kafka/tmf-api-example/src/main/java/dev/rafaelfreitas/model/EventSubscription.java
/Users/rafaelfreitas/Sites/Poc-Kafka/tmf-api-example/src/main/java/dev/rafaelfreitas/model/PaymentMethodRef.java
/Users/rafaelfreitas/Sites/Poc-Kafka/tmf-api-example/src/main/java/dev/rafaelfreitas/api/BillPresentationMediaApiController.java
/Users/rafaelfreitas/Sites/Poc-Kafka/tmf-api-example/src/main/java/dev/rafaelfreitas/configuration/JacksonConfiguration.java
/Users/rafaelfreitas/Sites/Poc-Kafka/tmf-api-example/src/main/java/dev/rafaelfreitas/model/BillFormatUpdate.java
/Users/rafaelfreitas/Sites/Poc-Kafka/tmf-api-example/src/main/java/dev/rafaelfreitas/api/HubApi.java
/Users/rafaelfreitas/Sites/Poc-Kafka/tmf-api-example/src/main/java/dev/rafaelfreitas/api/SettlementAccountApiController.java
/Users/rafaelfreitas/Sites/Poc-Kafka/tmf-api-example/src/main/java/dev/rafaelfreitas/model/FinancialAccountDeleteEvent.java
/Users/rafaelfreitas/Sites/Poc-Kafka/tmf-api-example/src/main/java/dev/rafaelfreitas/model/PartyAccountStateChangeEvent.java
/Users/rafaelfreitas/Sites/Poc-Kafka/tmf-api-example/src/main/java/dev/rafaelfreitas/model/SettlementAccountCreate.java
/Users/rafaelfreitas/Sites/Poc-Kafka/tmf-api-example/src/main/java/dev/rafaelfreitas/configuration/HomeController.java
/Users/rafaelfreitas/Sites/Poc-Kafka/tmf-api-example/src/main/java/dev/rafaelfreitas/model/BillingAccountAttributeValueChangeEvent.java
/Users/rafaelfreitas/Sites/Poc-Kafka/tmf-api-example/src/main/java/dev/rafaelfreitas/model/BillingAccountAttributeValueChangeEventPayload.java
/Users/rafaelfreitas/Sites/Poc-Kafka/tmf-api-example/src/main/java/dev/rafaelfreitas/model/BillingAccountStateChangeEventPayload.java
/Users/rafaelfreitas/Sites/Poc-Kafka/tmf-api-example/src/main/java/dev/rafaelfreitas/model/PaymentPlan.java
/Users/rafaelfreitas/Sites/Poc-Kafka/tmf-api-example/src/main/java/dev/rafaelfreitas/model/FinancialAccountAttributeValueChangeEventPayload.java
/Users/rafaelfreitas/Sites/Poc-Kafka/tmf-api-example/src/main/java/dev/rafaelfreitas/model/PartyAccountCreate.java
/Users/rafaelfreitas/Sites/Poc-Kafka/tmf-api-example/src/main/java/dev/rafaelfreitas/model/BillingCycleSpecificationUpdate.java
/Users/rafaelfreitas/Sites/Poc-Kafka/tmf-api-example/src/main/java/dev/rafaelfreitas/api/BillPresentationMediaApi.java
/Users/rafaelfreitas/Sites/Poc-Kafka/tmf-api-example/src/main/java/dev/rafaelfreitas/TmfApiExample.java
/Users/rafaelfreitas/Sites/Poc-Kafka/tmf-api-example/src/main/java/dev/rafaelfreitas/model/SettlementAccountUpdate.java
/Users/rafaelfreitas/Sites/Poc-Kafka/tmf-api-example/src/main/java/dev/rafaelfreitas/model/RelatedParty.java
/Users/rafaelfreitas/Sites/Poc-Kafka/tmf-api-example/src/main/java/dev/rafaelfreitas/model/FinancialAccountCreateEvent.java
/Users/rafaelfreitas/Sites/Poc-Kafka/tmf-api-example/src/main/java/dev/rafaelfreitas/api/FinancialAccountApi.java
/Users/rafaelfreitas/Sites/Poc-Kafka/tmf-api-example/src/main/java/dev/rafaelfreitas/model/SettlementAccountAttributeValueChangeEvent.java
/Users/rafaelfreitas/Sites/Poc-Kafka/tmf-api-example/src/main/java/dev/rafaelfreitas/model/BillingAccountUpdate.java
/Users/rafaelfreitas/Sites/Poc-Kafka/tmf-api-example/src/main/java/dev/rafaelfreitas/model/FinancialAccountRef.java
/Users/rafaelfreitas/Sites/Poc-Kafka/tmf-api-example/src/main/java/dev/rafaelfreitas/model/BillPresentationMediaRefOrValue.java
/Users/rafaelfreitas/Sites/Poc-Kafka/tmf-api-example/src/main/java/dev/rafaelfreitas/model/BillFormatCreate.java
/Users/rafaelfreitas/Sites/Poc-Kafka/tmf-api-example/src/main/java/dev/rafaelfreitas/model/AccountRelationship.java
/Users/rafaelfreitas/Sites/Poc-Kafka/tmf-api-example/src/main/java/dev/rafaelfreitas/model/SettlementAccountAttributeValueChangeEventPayload.java
/Users/rafaelfreitas/Sites/Poc-Kafka/tmf-api-example/src/main/java/dev/rafaelfreitas/model/PartyAccountAttributeValueChangeEvent.java
/Users/rafaelfreitas/Sites/Poc-Kafka/tmf-api-example/src/main/java/dev/rafaelfreitas/api/BillingCycleSpecificationApi.java
/Users/rafaelfreitas/Sites/Poc-Kafka/tmf-api-example/src/main/java/dev/rafaelfreitas/configuration/SwaggerDocumentationConfig.java
/Users/rafaelfreitas/Sites/Poc-Kafka/tmf-api-example/src/main/java/dev/rafaelfreitas/model/BillingAccountCreate.java
/Users/rafaelfreitas/Sites/Poc-Kafka/tmf-api-example/src/main/java/dev/rafaelfreitas/api/SettlementAccountApi.java
/Users/rafaelfreitas/Sites/Poc-Kafka/tmf-api-example/src/main/java/dev/rafaelfreitas/api/ApiException.java
/Users/rafaelfreitas/Sites/Poc-Kafka/tmf-api-example/src/main/java/dev/rafaelfreitas/model/Money.java
/Users/rafaelfreitas/Sites/Poc-Kafka/tmf-api-example/src/main/java/dev/rafaelfreitas/model/PartyAccountAttributeValueChangeEventPayload.java
/Users/rafaelfreitas/Sites/Poc-Kafka/tmf-api-example/src/main/java/dev/rafaelfreitas/model/BillingCycleSpecificationRef.java
/Users/rafaelfreitas/Sites/Poc-Kafka/tmf-api-example/src/main/java/dev/rafaelfreitas/api/FinancialAccountApiController.java
